[experiment] X (36005, 3059) | models ['sparse_logistic', 'xgb_clf', 'linreg', 'xgb_reg', 'mlp_clf_y', 'mlp_clf_w_class', 'mlp_reg', 'mlp_latent_yw']
[experiment] fold 0 | sparse_logistic | n_tr=17363 | 288.0s
[experiment] fold 0 | xgb_clf | n_tr=17363 | 53.7s
[experiment] fold 0 | mlp_clf_y | n_tr=17363 | 110.1s
[experiment] fold 0 | linreg | n_tr=17363 | 54.6s
[experiment] fold 0 | xgb_reg | n_tr=17363 | 50.9s
[experiment] fold 0 | mlp_reg | n_tr=17363 | 101.8s
[experiment] fold 0 | sparse_logistic | n_tr=17363 | 124.0s
[experiment] fold 0 | xgb_clf | n_tr=17363 | 51.9s
[experiment] fold 0 | mlp_clf_w_class | n_tr=17363 | 101.7s
[experiment] fold 0 | mlp_latent_yw | n_tr=17363 | 119.7s
[experiment] fold 1 | sparse_logistic | n_tr=17352 | 244.5s
[experiment] fold 1 | xgb_clf | n_tr=17352 | 54.7s
[experiment] fold 1 | mlp_clf_y | n_tr=17352 | 70.9s
[experiment] fold 1 | linreg | n_tr=17352 | 35.4s
[experiment] fold 1 | xgb_reg | n_tr=17352 | 28.0s
[experiment] fold 1 | mlp_reg | n_tr=17352 | 59.6s
[experiment] fold 1 | sparse_logistic | n_tr=17352 | 73.6s
[experiment] fold 1 | xgb_clf | n_tr=17352 | 28.5s
[experiment] fold 1 | mlp_clf_w_class | n_tr=17352 | 60.5s
[experiment] fold 1 | mlp_latent_yw | n_tr=17352 | 67.2s
[experiment] fold 2 | sparse_logistic | n_tr=17308 | 152.2s
[experiment] fold 2 | xgb_clf | n_tr=17308 | 28.9s
[experiment] fold 2 | mlp_clf_y | n_tr=17308 | 59.1s
[experiment] fold 2 | linreg | n_tr=17308 | 35.0s
[experiment] fold 2 | xgb_reg | n_tr=17308 | 27.1s
[experiment] fold 2 | mlp_reg | n_tr=17308 | 57.9s
[experiment] fold 2 | sparse_logistic | n_tr=17308 | 75.4s
[experiment] fold 2 | xgb_clf | n_tr=17308 | 27.9s
[experiment] fold 2 | mlp_clf_w_class | n_tr=17308 | 57.9s
[experiment] fold 2 | mlp_latent_yw | n_tr=17308 | 66.1s
[experiment] fold 3 | sparse_logistic | n_tr=17404 | 144.6s
[experiment] fold 3 | xgb_clf | n_tr=17404 | 29.0s
[experiment] fold 3 | mlp_clf_y | n_tr=17404 | 60.8s
[experiment] fold 3 | linreg | n_tr=17404 | 36.6s
[experiment] fold 3 | xgb_reg | n_tr=17404 | 26.7s
[experiment] fold 3 | mlp_reg | n_tr=17404 | 59.1s
[experiment] fold 3 | sparse_logistic | n_tr=17404 | 74.2s
[experiment] fold 3 | xgb_clf | n_tr=17404 | 28.8s
[experiment] fold 3 | mlp_clf_w_class | n_tr=17404 | 59.6s
[experiment] fold 3 | mlp_latent_yw | n_tr=17404 | 67.4s
[experiment] fold 4 | sparse_logistic | n_tr=17329 | 142.7s
[experiment] fold 4 | xgb_clf | n_tr=17329 | 28.7s
[experiment] fold 4 | mlp_clf_y | n_tr=17329 | 62.5s
[experiment] fold 4 | linreg | n_tr=17329 | 35.6s
[experiment] fold 4 | xgb_reg | n_tr=17329 | 27.3s
[experiment] fold 4 | mlp_reg | n_tr=17329 | 61.5s
[experiment] fold 4 | sparse_logistic | n_tr=17329 | 77.0s
[experiment] fold 4 | xgb_clf | n_tr=17329 | 27.7s
[experiment] fold 4 | mlp_clf_w_class | n_tr=17329 | 60.8s
[experiment] fold 4 | mlp_latent_yw | n_tr=17329 | 68.4s
[experiment] fold 5 | sparse_logistic | n_tr=17317 | 149.7s
[experiment] fold 5 | xgb_clf | n_tr=17317 | 28.4s
[experiment] fold 5 | mlp_clf_y | n_tr=17317 | 61.8s
[experiment] fold 5 | linreg | n_tr=17317 | 35.4s
[experiment] fold 5 | xgb_reg | n_tr=17317 | 27.6s
[experiment] fold 5 | mlp_reg | n_tr=17317 | 62.2s
[experiment] fold 5 | sparse_logistic | n_tr=17317 | 78.4s
[experiment] fold 5 | xgb_clf | n_tr=17317 | 28.1s
[experiment] fold 5 | mlp_clf_w_class | n_tr=17317 | 60.3s
[experiment] fold 5 | mlp_latent_yw | n_tr=17317 | 68.2s
[experiment] fold 6 | sparse_logistic | n_tr=17367 | 146.8s
[experiment] fold 6 | xgb_clf | n_tr=17367 | 29.7s
[experiment] fold 6 | mlp_clf_y | n_tr=17367 | 60.4s
[experiment] fold 6 | linreg | n_tr=17367 | 35.1s
[experiment] fold 6 | xgb_reg | n_tr=17367 | 27.2s
[experiment] fold 6 | mlp_reg | n_tr=17367 | 59.5s
[experiment] fold 6 | sparse_logistic | n_tr=17367 | 75.2s
[experiment] fold 6 | xgb_clf | n_tr=17367 | 27.3s
[experiment] fold 6 | mlp_clf_w_class | n_tr=17367 | 59.5s
[experiment] fold 6 | mlp_latent_yw | n_tr=17367 | 64.5s
[experiment] fold 7 | sparse_logistic | n_tr=17320 | 134.4s
[experiment] fold 7 | xgb_clf | n_tr=17320 | 28.8s
[experiment] fold 7 | mlp_clf_y | n_tr=17320 | 57.4s
[experiment] fold 7 | linreg | n_tr=17320 | 34.5s
[experiment] fold 7 | xgb_reg | n_tr=17320 | 26.2s
[experiment] fold 7 | mlp_reg | n_tr=17320 | 56.3s
[experiment] fold 7 | sparse_logistic | n_tr=17320 | 75.6s
[experiment] fold 7 | xgb_clf | n_tr=17320 | 27.0s
[experiment] fold 7 | mlp_clf_w_class | n_tr=17320 | 56.8s
[experiment] fold 7 | mlp_latent_yw | n_tr=17320 | 63.9s
[experiment] fold 8 | sparse_logistic | n_tr=17308 | 132.7s
[experiment] fold 8 | xgb_clf | n_tr=17308 | 27.9s
[experiment] fold 8 | mlp_clf_y | n_tr=17308 | 57.6s
[experiment] fold 8 | linreg | n_tr=17308 | 34.3s
[experiment] fold 8 | xgb_reg | n_tr=17308 | 27.4s
[experiment] fold 8 | mlp_reg | n_tr=17308 | 56.4s
[experiment] fold 8 | sparse_logistic | n_tr=17308 | 72.7s
[experiment] fold 8 | xgb_clf | n_tr=17308 | 27.7s
[experiment] fold 8 | mlp_clf_w_class | n_tr=17308 | 61.2s
[experiment] fold 8 | mlp_latent_yw | n_tr=17308 | 68.3s
[experiment] fold 9 | sparse_logistic | n_tr=17308 | 133.6s
[experiment] fold 9 | xgb_clf | n_tr=17308 | 28.8s
[experiment] fold 9 | mlp_clf_y | n_tr=17308 | 59.5s
[experiment] fold 9 | linreg | n_tr=17308 | 34.8s
[experiment] fold 9 | xgb_reg | n_tr=17308 | 26.5s
[experiment] fold 9 | mlp_reg | n_tr=17308 | 58.1s
[experiment] fold 9 | sparse_logistic | n_tr=17308 | 74.9s
[experiment] fold 9 | xgb_clf | n_tr=17308 | 27.1s
[experiment] fold 9 | mlp_clf_w_class | n_tr=17308 | 57.3s
[experiment] fold 9 | mlp_latent_yw | n_tr=17308 | 66.4s
[experiment] latent mlp_clf_y: 19264 rows x 64 dims -> /home/sinan/results/GvHD_outputs/20260916_152830/latent/mlp_clf_y
[experiment] latent mlp_clf_w_class: 19264 rows x 64 dims -> /home/sinan/results/GvHD_outputs/20260916_152830/latent/mlp_clf_w_class
[experiment] latent mlp_latent_yw: 19264 rows x 64 dims -> /home/sinan/results/GvHD_outputs/20260916_152830/latent/mlp_latent_yw
[experiment] done in 6445.2s
